Copied images to public/farinha:
-rw-r--r--@ 1 igoroliveira  staff   159K Aug  6 08:05 /Users/igoroliveira/projetos/Igor Oliveira/Claoe/Clape/public/farinha/capa-livro.png
-rw-r--r--@ 1 igoroliveira  staff   123K Aug  6 08:05 /Users/igoroliveira/projetos/Igor Oliveira/Claoe/Clape/public/farinha/hero-hotmart.png
-rw-r--r--@ 1 igoroliveira  staff   199K Aug  6 08:05 /Users/igoroliveira/projetos/Igor Oliveira/Claoe/Clape/public/farinha/il-levain.png
-rw-r--r--@ 1 igoroliveira  staff    90K Aug  6 08:05 /Users/igoroliveira/projetos/Igor Oliveira/Claoe/Clape/public/farinha/il-maos-massa.png
-rw-r--r--@ 1 igoroliveira  staff   110K Aug  6 08:05 /Users/igoroliveira/projetos/Igor Oliveira/Claoe/Clape/public/farinha/il-margherita.png
-rw-r--r--@ 1 igoroliveira  staff   158K Aug  6 08:05 /Users/igoroliveira/projetos/Igor Oliveira/Claoe/Clape/public/farinha/il-pao-miolo.png
-rw-r--r--@ 1 igoroliveira  staff   109K Aug  6 08:05 /Users/igoroliveira/projetos/Igor Oliveira/Claoe/Clape/public/farinha/il-supermercado.png
-rw-r--r--@ 1 igoroliveira  staff   110K Aug  6 08:05 /Users/igoroliveira/projetos/Igor Oliveira/Claoe/Clape/public/farinha/il-tres-pizzas.png
-rw-r--r--@ 1 igoroliveira  staff    32K Aug  6 08:05 /Users/igoroliveira/projetos/Igor Oliveira/Claoe/Clape/public/farinha/logo-clape.png

HTML ref: YES from /Users/igoroliveira/Desktop/rodrigo.zip -> rodrigo/3-landing-page/index.html
-rw-r--r--@ 1 igoroliveira  staff    16K Aug  6 08:05 /Users/igoroliveira/projetos/Igor Oliveira/Claoe/Clape/.ref-farinha-index.html

ref assets:
-rw-------@ 1 igoroliveira  staff   733K Aug  6 08:05 /Users/igoroliveira/projetos/Igor Oliveira/Claoe/Clape/public/farinha/ref/thumb-hotmart-1280x720.png
-rw-------@ 1 igoroliveira  staff   1.5M Aug  6 08:05 /Users/igoroliveira/projetos/Igor Oliveira/Claoe/Clape/public/farinha/ref/img/capa-livro.png
-rw-------@ 1 igoroliveira  staff   110K Aug  6 08:05 /Users/igoroliveira/projetos/Igor Oliveira/Claoe/Clape/public/farinha/ref/img/il-tres-pizzas.png
-rw-------@ 1 igoroliveira  staff   158K Aug  6 08:05 /Users/igoroliveira/projetos/Igor Oliveira/Claoe/Clape/public/farinha/ref/img/il-pao-miolo.png
-rw-------@ 1 igoroliveira  staff    90K Aug  6 08:05 /Users/igoroliveira/projetos/Igor Oliveira/Claoe/Clape/public/farinha/ref/img/il-maos-massa.png
-rw-------@ 1 igoroliveira  staff   199K Aug  6 08:05 /Users/igoroliveira/projetos/Igor Oliveira/Claoe/Clape/public/farinha/ref/img/il-levain-capa.png
-rw-------@ 1 igoroliveira  staff    32K Aug  6 08:05 /Users/igoroliveira/projetos/Igor Oliveira/Claoe/Clape/public/farinha/ref/img/logo-clape.png
-rw-------@ 1 igoroliveira  staff   110K Aug  6 08:05 /Users/igoroliveira/projetos/Igor Oliveira/Claoe/Clape/public/farinha/ref/img/il-margherita.png
-rw-------@ 1 igoroliveira  staff   109K Aug  6 08:05 /Users/igoroliveira/projetos/Igor Oliveira/Claoe/Clape/public/farinha/ref/img/il-supermercado.png
